Archive member included because of file (symbol)

D:\VEX Robotics\VEXcode\sdk/vexv5\libv5rt.a(v5_startup.c.obj)
                              (vexStartup)
D:\VEX Robotics\VEXcode\sdk/vexv5\libv5rt.a(v5_util.c.obj)
                              D:\VEX Robotics\VEXcode\sdk/vexv5\libv5rt.a(v5_startup.c.obj) (vexStdlibVersionLinked)
D:\VEX Robotics\VEXcode\sdk/vexv5\libv5rt.a(v5_apijump.c.obj)
                              D:\VEX Robotics\VEXcode\sdk/vexv5\libv5rt.a(v5_startup.c.obj) (vexPrivateApiEnable)
D:\VEX Robotics\VEXcode\sdk/vexv5\libv5rt.a(v5_apiversions.c.obj)
                              D:\VEX Robotics\VEXcode\sdk/vexv5\libv5rt.a(v5_apijump.c.obj) (vexSystemVersion)
D:\VEX Robotics\VEXcode\sdk/vexv5\libv5rt.a(vex_global.cpp.obj)
                              build/src/roller.o (vex::PORT20)
D:\VEX Robotics\VEXcode\sdk/vexv5\libv5rt.a(vex_motor.cpp.obj)
                              build/src/arm.o (vex::motor::~motor())
D:\VEX Robotics\VEXcode\sdk/vexv5\libv5rt.a(vex_controller.cpp.obj)
                              build/src/main.o (vex::controller::~controller())
D:\VEX Robotics\VEXcode\sdk/vexv5\libv5rt.a(vex_task.cpp.obj)
                              build/src/main.o (vex::task::task(int (*)()))
D:\VEX Robotics\VEXcode\sdk/vexv5\libv5rt.a(vex_event.cpp.obj)
                              D:\VEX Robotics\VEXcode\sdk/vexv5\libv5rt.a(vex_controller.cpp.obj) (vex::event::init(unsigned long, unsigned long, void (*)()))
D:\VEX Robotics\VEXcode\sdk/vexv5\libv5rt.a(vex_mevent.cpp.obj)
                              D:\VEX Robotics\VEXcode\sdk/vexv5\libv5rt.a(vex_controller.cpp.obj) (vex::mevent::mevent(unsigned long, unsigned long))
D:\VEX Robotics\VEXcode\sdk/vexv5\libv5rt.a(vex_brain.cpp.obj)
                              build/src/main.o (vex::brain::~brain())
D:\VEX Robotics\VEXcode\sdk/vexv5\libv5rt.a(vex_triport.cpp.obj)
                              D:\VEX Robotics\VEXcode\sdk/vexv5\libv5rt.a(vex_brain.cpp.obj) (vex::triport::~triport())
D:\VEX Robotics\VEXcode\sdk/vexv5\libv5rt.a(vex_color.cpp.obj)
                              D:\VEX Robotics\VEXcode\sdk/vexv5\libv5rt.a(vex_brain.cpp.obj) (vex::color::operator unsigned long() const)
D:\VEX Robotics\VEXcode\sdk/vexv5\libv5rt.a(vex_timer.cpp.obj)
                              build/src/macro.o (vex::timer::~timer())
D:\VEX Robotics\VEXcode\sdk/vexv5\libv5rt.a(v5_apiuser.c.obj)
                              D:\VEX Robotics\VEXcode\sdk/vexv5\libv5rt.a(vex_triport.cpp.obj) (vexAdiPortConfigSet)
D:\VEX Robotics\VEXcode\sdk/vexv5\libv5rt.a(vex_device.cpp.obj)
                              D:\VEX Robotics\VEXcode\sdk/vexv5\libv5rt.a(vex_triport.cpp.obj) (vex::device::value())
D:\VEX Robotics\VEXcode\sdk/vexv5/gcc/libs\libc.a(lib_a-aeabi_memmove-soft.o)
                              build/src/drive.o (__aeabi_memmove8)
D:\VEX Robotics\VEXcode\sdk/vexv5/gcc/libs\libc.a(lib_a-fini.o)
                              D:\VEX Robotics\VEXcode\sdk/vexv5\libv5rt.a(v5_startup.c.obj) (__libc_fini_array)
D:\VEX Robotics\VEXcode\sdk/vexv5/gcc/libs\libc.a(lib_a-impure.o)
                              D:\VEX Robotics\VEXcode\sdk/vexv5\libv5rt.a(v5_startup.c.obj) (_impure_ptr)
D:\VEX Robotics\VEXcode\sdk/vexv5/gcc/libs\libc.a(lib_a-init.o)
                              D:\VEX Robotics\VEXcode\sdk/vexv5\libv5rt.a(v5_startup.c.obj) (__libc_init_array)
D:\VEX Robotics\VEXcode\sdk/vexv5/gcc/libs\libc.a(lib_a-tolower.o)
                              D:\VEX Robotics\VEXcode\sdk/vexv5\libv5rt.a(vex_brain.cpp.obj) (tolower)
D:\VEX Robotics\VEXcode\sdk/vexv5/gcc/libs\libc.a(lib_a-ctype_.o)
                              D:\VEX Robotics\VEXcode\sdk/vexv5/gcc/libs\libc.a(lib_a-tolower.o) (__ctype_ptr__)

Allocating common symbols
Common symbol       size              file

__bss_end           0x4               D:\VEX Robotics\VEXcode\sdk/vexv5\libv5rt.a(v5_startup.c.obj)
__vex_critical_section
                    0x1               D:\VEX Robotics\VEXcode\sdk/vexv5\libv5rt.a(v5_startup.c.obj)
__sbss_start        0x4               D:\VEX Robotics\VEXcode\sdk/vexv5\libv5rt.a(v5_startup.c.obj)
__bss_start         0x4               D:\VEX Robotics\VEXcode\sdk/vexv5\libv5rt.a(v5_startup.c.obj)
__stack             0x4               D:\VEX Robotics\VEXcode\sdk/vexv5\libv5rt.a(v5_startup.c.obj)
__sbss_end          0x4               D:\VEX Robotics\VEXcode\sdk/vexv5\libv5rt.a(v5_startup.c.obj)

Discarded input sections

 .text          0x00000000        0x0 build/src/main.o
 .text._Z11encoderTestv
                0x00000000      0x14c build/src/main.o
 .ARM.exidx.text._Z11encoderTestv
                0x00000000        0x8 build/src/main.o
 .rodata.str1.1
                0x00000000       0x9b build/src/main.o
 .llvm_addrsig  0x00000000        0x9 build/src/main.o
 .text          0x00000000        0x0 build/src/macro.o
 .llvm_addrsig  0x00000000        0x3 build/src/macro.o
 .text          0x00000000        0x0 build/src/auton.o
 .text._ZN5auton8redSmallEv
[...]
Memory Configuration

Name             Origin             Length             Attributes
ps7_ddr_0_S_AXI_BASEADDR 0x03800000         0x04800000
*default*        0x00000000         0xffffffff

Linker script and memory map

                0x00002000                _STACK_SIZE = DEFINED (_STACK_SIZE)?_STACK_SIZE:0x2000
                0x00100000                _HEAP_SIZE = DEFINED (_HEAP_SIZE)?_HEAP_SIZE:0x100000
                0x00000400                _ABORT_STACK_SIZE = DEFINED (_ABORT_STACK_SIZE)?_ABORT_STACK_SIZE:0x400
                0x00000800                _SUPERVISOR_STACK_SIZE = DEFINED (_SUPERVISOR_STACK_SIZE)?_SUPERVISOR_STACK_SIZE:0x800
                0x00000400                _IRQ_STACK_SIZE = DEFINED (_IRQ_STACK_SIZE)?_IRQ_STACK_SIZE:0x400
                0x00000400                _FIQ_STACK_SIZE = DEFINED (_FIQ_STACK_SIZE)?_FIQ_STACK_SIZE:0x400
                0x00000400                _UNDEF_STACK_SIZE = DEFINED (_UNDEF_STACK_SIZE)?_UNDEF_STACK_SIZE:0x400

.text           0x03800000     0x4228
 *(.vectors)
 *(.boot_data)
 .boot_data     0x03800000       0x20 D:\VEX Robotics\VEXcode\sdk/vexv5\libv5rt.a(v5_startup.c.obj)
                0x03800000                vexCodeSig
                0x00000020                . = 0x20
 *(.boot)
 .boot          0x03800020       0xbc D:\VEX Robotics\VEXcode\sdk/vexv5\libv5rt.a(v5_startup.c.obj)
                0x03800020                vexStartup
                0x03800100                . = ALIGN (0x40)
 *fill*         0x038000dc       0x24 
 *(.freertos_vectors)
 *(.text)
 .text          0x03800100       0x3a D:\VEX Robotics\VEXcode\sdk/vexv5/gcc/libs\libc.a(lib_a-aeabi_memmove-soft.o)
                0x03800100                __aeabi_memmove4
                0x03800100                __aeabi_memmove
                0x03800100                __aeabi_memmove8
 *(.text.*)
 *fill*         0x0380013a        0x2 
 .text.main     0x0380013c       0xd8 build/src/main.o
                0x0380013c                main
 .text._GLOBAL__sub_I_main.cpp
                0x03800214       0xa8 build/src/main.o
 *fill*         0x038002bc        0x4 
 .text._ZN5macro15cubeIntakeMacroEPN3vex4taskES2_
                0x038002c0      0x110 build/src/macro.o
                0x038002c0                macro::cubeIntakeMacro(vex::task*, vex::task*)
 .text._ZN5macro5stackEPN3vex4taskES2_S2_
                0x038003d0      0x150 build/src/macro.o
                0x038003d0                macro::stack(vex::task*, vex::task*, vex::task*)
 .text._GLOBAL__sub_I_macro.cpp
                0x03800520       0x34 build/src/macro.o
 *fill*         0x03800554        0x4 
 .text._ZN5auton8_bigLiftEv
                0x03800558       0x60 build/src/auton.o
                0x03800558                auton::_bigLift()
 .text._ZN5auton10_smallLiftEv
                0x038005b8       0x60 build/src/auton.o
                0x038005b8                auton::_smallLift()
 .text._ZN5auton10blueBigNewEv
                0x03800618      0x278 build/src/auton.o
                0x03800618                auton::blueBigNew()
 .text._GLOBAL__sub_I_auton.cpp
                0x03800890       0x34 build/src/auton.o
 .text._ZNSt6vectorIdSaIdEED2Ev
                0x038008c4       0x24 build/src/arm.o
                0x038008c4                std::vector<double, std::allocator<double> >::~vector()
 .text._ZN3arm5resetEv
                0x038008e8       0x54 build/src/arm.o
                0x038008e8                arm::reset()
 .text._ZN3arm10currentValEv
                0x0380093c       0x28 build/src/arm.o
                0x0380093c                arm::currentVal()
 .text._ZN3arm10setEncoderEd
                0x03800964       0x50 build/src/arm.o
                0x03800964                arm::setEncoder(double)
 .text._ZN3arm3runEi
                0x038009b4       0x5c build/src/arm.o
                0x038009b4                arm::run(int)
 .text._ZN3arm4stopEv
                0x03800a10       0x24 build/src/arm.o
                0x03800a10                arm::stop()
 *fill*         0x03800a34        0x4 
 .text._ZN3arm2opEv
                0x03800a38      0x2d8 build/src/arm.o
                0x03800a38                arm::op()
 .text._ZN3arm4holdEv
                0x03800d10      0x160 build/src/arm.o
                0x03800d10                arm::hold()
 .text._ZN3arm4moveEdiddd
                0x03800e70      0x204 build/src/arm.o
                0x03800e70                arm::move(double, int, double, double, double)
 .text._GLOBAL__sub_I_arm.cpp
                0x03801074      0x134 build/src/arm.o
 .text._ZN5drive5resetEv
                0x038011a8       0xb0 build/src/drive.o
                0x038011a8                drive::reset()
 .text._ZN5drive7runLeftEi
                0x03801258       0x60 build/src/drive.o
                0x03801258                drive::runLeft(int)
 .text._ZN5drive8runRightEi
                0x038012b8       0x60 build/src/drive.o
                0x038012b8                drive::runRight(int)
 .text._ZN5drive4turnEd
                0x03801318      0x1c0 build/src/drive.o
                0x03801318                drive::turn(double)
 .text._ZN5drive7forwardEddddd
                0x038014d8      0x420 build/src/drive.o
                0x038014d8                drive::forward(double, double, double, double, double)
 .text._ZN5drive2opEv
                0x038018f8      0x1a8 build/src/drive.o
                0x038018f8                drive::op()
 .text._ZNSt6vectorIdSaIdEE19_M_emplace_back_auxIJmEEEvDpOT_
                0x03801aa0       0x84 build/src/drive.o
                0x03801aa0                void std::vector<double, std::allocator<double> >::_M_emplace_back_aux<unsigned long>(unsigned long&&)
 .text._ZNKSt6vectorIdSaIdEE12_M_check_lenEjPKc
                0x03801b24       0x54 build/src/drive.o
                0x03801b24                std::vector<double, std::allocator<double> >::_M_check_len(unsigned int, char const*) const
 .text._ZNSt12_Vector_baseIdSaIdEE11_M_allocateEj
                0x03801b78       0x30 build/src/drive.o
                0x03801b78                std::_Vector_base<double, std::allocator<double> >::_M_allocate(unsigned int)
 .text._ZNSt6vectorIdSaIdEE19_M_emplace_back_auxIJRdEEEvDpOT_
                0x03801ba8       0x80 build/src/drive.o
                0x03801ba8                void std::vector<double, std::allocator<double> >::_M_emplace_back_aux<double&>(double&)
 .text._ZNSt6vectorIdSaIdEE19_M_emplace_back_auxIJRiEEEvDpOT_
                0x03801c28       0x84 build/src/drive.o
                0x03801c28                void std::vector<double, std::allocator<double> >::_M_emplace_back_aux<int&>(int&)
 .text._ZNSt6vectorIdSaIdEE19_M_emplace_back_auxIJdEEEvDpOT_
                0x03801cac       0x80 build/src/drive.o
                0x03801cac                void std::vector<double, std::allocator<double> >::_M_emplace_back_aux<double>(double&&)
 .text._GLOBAL__sub_I_drive.cpp
                0x03801d2c      0x274 build/src/drive.o
 .text._ZN6roller5resetEv
                0x03801fa0       0x54 build/src/roller.o
                0x03801fa0                roller::reset()
 .text._ZN6roller6intakeEi
                0x03801ff4       0x5c build/src/roller.o
                0x03801ff4                roller::intake(int)
 .text._ZN6roller6outakeEi
                0x03802050       0x5c build/src/roller.o
                0x03802050                roller::outake(int)
 *fill*         0x038020ac        0x4 
 .text._ZN6roller2opEv
                0x038020b0       0xf0 build/src/roller.o
                0x038020b0                roller::op()
 .text._GLOBAL__sub_I_roller.cpp
                0x038021a0       0xa8 build/src/roller.o
 .text.vexMain  0x03802248       0xb0 D:\VEX Robotics\VEXcode\sdk/vexv5\libv5rt.a(v5_startup.c.obj)
                0x03802248                vexMain
 .text.__vex_function_prolog
                0x038022f8       0x18 D:\VEX Robotics\VEXcode\sdk/vexv5\libv5rt.a(v5_startup.c.obj)
                0x038022f8                __vex_function_prolog
 .text._init    0x03802310        0x4 D:\VEX Robotics\VEXcode\sdk/vexv5\libv5rt.a(v5_startup.c.obj)
                0x03802310                _init
 .text._fini    0x03802314        0x4 D:\VEX Robotics\VEXcode\sdk/vexv5\libv5rt.a(v5_startup.c.obj)
                0x03802314                _fini
 .text.vexStdlibVersionLinked
                0x03802318        0xc D:\VEX Robotics\VEXcode\sdk/vexv5\libv5rt.a(v5_util.c.obj)
                0x03802318                vexStdlibVersionLinked
 .text.vexStdlibVersionVerify
                0x03802324       0x30 D:\VEX Robotics\VEXcode\sdk/vexv5\libv5rt.a(v5_util.c.obj)
                0x03802324                vexStdlibVersionVerify
 .text.vexPrivateApiEnable
                0x03802354       0x10 D:\VEX Robotics\VEXcode\sdk/vexv5\libv5rt.a(v5_apijump.c.obj)
                0x03802354                vexPrivateApiEnable
 .text.vexStdlibMismatchError
                0x03802364       0x3c D:\VEX Robotics\VEXcode\sdk/vexv5\libv5rt.a(v5_apijump.c.obj)
                0x03802364                vexStdlibMismatchError
 .text.vexTaskAdd
                0x038023a0       0x10 D:\VEX Robotics\VEXcode\sdk/vexv5\libv5rt.a(v5_apijump.c.obj)
                0x038023a0                vexTaskAdd
 .text.vexTaskStop
                0x038023b0       0x10 D:\VEX Robotics\VEXcode\sdk/vexv5\libv5rt.a(v5_apijump.c.obj)
                0x038023b0                vexTaskStop
 .text.vexTaskSuspend
                0x038023c0       0x10 D:\VEX Robotics\VEXcode\sdk/vexv5\libv5rt.a(v5_apijump.c.obj)
                0x038023c0                vexTaskSuspend
 .text.vexTaskResume
                0x038023d0       0x10 D:\VEX Robotics\VEXcode\sdk/vexv5\libv5rt.a(v5_apijump.c.obj)
                0x038023d0                vexTaskResume
 .text.vexTasksRun
                0x038023e0       0x10 D:\VEX Robotics\VEXcode\sdk/vexv5\libv5rt.a(v5_apijump.c.obj)
                0x038023e0                vexTasksRun
 .text.vexTaskCheckTimeslice
                0x038023f0       0x10 D:\VEX Robotics\VEXcode\sdk/vexv5\libv5rt.a(v5_apijump.c.obj)
                0x038023f0                vexTaskCheckTimeslice
 .text.vexTaskSleep
                0x03802400       0x10 D:\VEX Robotics\VEXcode\sdk/vexv5\libv5rt.a(v5_apijump.c.obj)
                0x03802400                vexTaskSleep
 .text.vexTasksDump
                0x03802410       0x1c D:\VEX Robotics\VEXcode\sdk/vexv5\libv5rt.a(v5_apijump.c.obj)
                0x03802410                vexTasksDump
 .text.vexTaskGetTaskIndex
                0x0380242c       0x10 D:\VEX Robotics\VEXcode\sdk/vexv5\libv5rt.a(v5_apijump.c.obj)
                0x0380242c                vexTaskGetTaskIndex
 .text.vexTaskStopAll
                0x0380243c       0x10 D:\VEX Robotics\VEXcode\sdk/vexv5\libv5rt.a(v5_apijump.c.obj)
                0x0380243c                vexTaskStopAll
 .text.vexTaskCompletionIdSet
                0x0380244c       0x10 D:\VEX Robotics\VEXcode\sdk/vexv5\libv5rt.a(v5_apijump.c.obj)
                0x0380244c                vexTaskCompletionIdSet
 .text.vexCriticalSection
                0x0380245c       0x2c D:\VEX Robotics\VEXcode\sdk/vexv5\libv5rt.a(v5_apijump.c.obj)
                0x0380245c                vexCriticalSection
 .text.vexEventAdd
                0x03802488       0x34 D:\VEX Robotics\VEXcode\sdk/vexv5\libv5rt.a(v5_apijump.c.obj)
                0x03802488                vexEventAdd
 .text.vexEventUserIndexGet
                0x038024bc       0x1c D:\VEX Robotics\VEXcode\sdk/vexv5\libv5rt.a(v5_apijump.c.obj)
                0x038024bc                vexEventUserIndexGet
 .text.vexDebug
                0x038024d8       0x38 D:\VEX Robotics\VEXcode\sdk/vexv5\libv5rt.a(v5_apijump.c.obj)
                0x038024d8                vexDebug
 .text.vex_sprintf
                0x03802510       0x40 D:\VEX Robotics\VEXcode\sdk/vexv5\libv5rt.a(v5_apijump.c.obj)
                0x03802510                vex_sprintf
 .text.vex_vsnprintf
                0x03802550       0x3c D:\VEX Robotics\VEXcode\sdk/vexv5\libv5rt.a(v5_apijump.c.obj)
                0x03802550                vex_vsnprintf
 .text.vexSystemTimeGet
                0x0380258c       0x1c D:\VEX Robotics\VEXcode\sdk/vexv5\libv5rt.a(v5_apijump.c.obj)
                0x0380258c                vexSystemTimeGet
 .text.vexSystemExitRequest
                0x038025a8       0x1c D:\VEX Robotics\VEXcode\sdk/vexv5\libv5rt.a(v5_apijump.c.obj)
                0x038025a8                vexSystemExitRequest
 .text.vexDeviceGetByIndex
                0x038025c4       0x24 D:\VEX Robotics\VEXcode\sdk/vexv5\libv5rt.a(v5_apijump.c.obj)
                0x038025c4                vexDeviceGetByIndex
 .text.vexControllerGet
                0x038025e8       0x2c D:\VEX Robotics\VEXcode\sdk/vexv5\libv5rt.a(v5_apijump.c.obj)
                0x038025e8                vexControllerGet
 .text.vexDeviceAdiPortConfigSet
                0x03802614       0x34 D:\VEX Robotics\VEXcode\sdk/vexv5\libv5rt.a(v5_apijump.c.obj)
                0x03802614                vexDeviceAdiPortConfigSet
 .text.vexDeviceAdiPortConfigGet
                0x03802648       0x2c D:\VEX Robotics\VEXcode\sdk/vexv5\libv5rt.a(v5_apijump.c.obj)
                0x03802648                vexDeviceAdiPortConfigGet
 .text.vexDeviceAdiValueSet
                0x03802674       0x34 D:\VEX Robotics\VEXcode\sdk/vexv5\libv5rt.a(v5_apijump.c.obj)
                0x03802674                vexDeviceAdiValueSet
 .text.vexDeviceAdiValueGet
                0x038026a8       0x2c D:\VEX Robotics\VEXcode\sdk/vexv5\libv5rt.a(v5_apijump.c.obj)
                0x038026a8                vexDeviceAdiValueGet
 .text.vexDeviceMotorVelocitySet
                0x038026d4       0x2c D:\VEX Robotics\VEXcode\sdk/vexv5\libv5rt.a(v5_apijump.c.obj)
                0x038026d4                vexDeviceMotorVelocitySet
 .text.vexDeviceMotorActualVelocityGet
                0x03802700       0x24 D:\VEX Robotics\VEXcode\sdk/vexv5\libv5rt.a(v5_apijump.c.obj)
                0x03802700                vexDeviceMotorActualVelocityGet
 .text.vexDeviceMotorReverseFlagSet
                0x03802724       0x2c D:\VEX Robotics\VEXcode\sdk/vexv5\libv5rt.a(v5_apijump.c.obj)
                0x03802724                vexDeviceMotorReverseFlagSet
 .text.vexDeviceMotorEncoderUnitsSet
                0x03802750       0x2c D:\VEX Robotics\VEXcode\sdk/vexv5\libv5rt.a(v5_apijump.c.obj)
                0x03802750                vexDeviceMotorEncoderUnitsSet
 .text.vexDeviceMotorBrakeModeSet
                0x0380277c       0x2c D:\VEX Robotics\VEXcode\sdk/vexv5\libv5rt.a(v5_apijump.c.obj)
                0x0380277c                vexDeviceMotorBrakeModeSet
 .text.vexDeviceMotorPositionSet
                0x038027a8       0x34 D:\VEX Robotics\VEXcode\sdk/vexv5\libv5rt.a(v5_apijump.c.obj)
                0x038027a8                vexDeviceMotorPositionSet
 .text.vexDeviceMotorPositionGet
                0x038027dc       0x24 D:\VEX Robotics\VEXcode\sdk/vexv5\libv5rt.a(v5_apijump.c.obj)
                0x038027dc                vexDeviceMotorPositionGet
 .text.vexDeviceMotorGearingSet
                0x03802800       0x2c D:\VEX Robotics\VEXcode\sdk/vexv5\libv5rt.a(v5_apijump.c.obj)
                0x03802800                vexDeviceMotorGearingSet
 .text.vexDeviceMotorGearingGet
                0x0380282c       0x24 D:\VEX Robotics\VEXcode\sdk/vexv5\libv5rt.a(v5_apijump.c.obj)
                0x0380282c                vexDeviceMotorGearingGet
 .text.vexDisplayForegroundColor
                0x03802850       0x24 D:\VEX Robotics\VEXcode\sdk/vexv5\libv5rt.a(v5_apijump.c.obj)
                0x03802850                vexDisplayForegroundColor
 .text.vexDisplayBackgroundColor
                0x03802874       0x24 D:\VEX Robotics\VEXcode\sdk/vexv5\libv5rt.a(v5_apijump.c.obj)
                0x03802874                vexDisplayBackgroundColor
 .text.vexDisplayBackgroundColorGet
                0x03802898       0x1c D:\VEX Robotics\VEXcode\sdk/vexv5\libv5rt.a(v5_apijump.c.obj)
                0x03802898                vexDisplayBackgroundColorGet
 .text.vexDisplayRectClear
                0x038028b4       0x4c D:\VEX Robotics\VEXcode\sdk/vexv5\libv5rt.a(v5_apijump.c.obj)
                0x038028b4                vexDisplayRectClear
 .text.vexDisplayPrintf
                0x03802900       0x68 D:\VEX Robotics\VEXcode\sdk/vexv5\libv5rt.a(v5_apijump.c.obj)
                0x03802900                vexDisplayPrintf
 .text.vexDisplayTextReference
                0x03802968       0x24 D:\VEX Robotics\VEXcode\sdk/vexv5\libv5rt.a(v5_apijump.c.obj)
                0x03802968                vexDisplayTextReference
 .text.vexDisplayTextSize
                0x0380298c       0x2c D:\VEX Robotics\VEXcode\sdk/vexv5\libv5rt.a(v5_apijump.c.obj)
                0x0380298c                vexDisplayTextSize
 .text.vexDisplayFontNamedSet
                0x038029b8       0x24 D:\VEX Robotics\VEXcode\sdk/vexv5\libv5rt.a(v5_apijump.c.obj)
                0x038029b8                vexDisplayFontNamedSet
 .text.vexDisplayStringWidthGet
                0x038029dc       0x24 D:\VEX Robotics\VEXcode\sdk/vexv5\libv5rt.a(v5_apijump.c.obj)
                0x038029dc                vexDisplayStringWidthGet
 .text.vexSystemStdlibImpureDataAddr
                0x03802a00       0x28 D:\VEX Robotics\VEXcode\sdk/vexv5\libv5rt.a(v5_apijump.c.obj)
                0x03802a00                vexSystemStdlibImpureDataAddr
 .text.vexSystemStdlibImpureDataSize
                0x03802a28       0x28 D:\VEX Robotics\VEXcode\sdk/vexv5\libv5rt.a(v5_apijump.c.obj)
                0x03802a28                vexSystemStdlibImpureDataSize
 .text.vexSystemSaveUserData
                0x03802a50       0x3c D:\VEX Robotics\VEXcode\sdk/vexv5\libv5rt.a(v5_apijump.c.obj)
                0x03802a50                vexSystemSaveUserData
 .text.vexDisplayThemeIdGet
                0x03802a8c       0x38 D:\VEX Robotics\VEXcode\sdk/vexv5\libv5rt.a(v5_apijump.c.obj)
                0x03802a8c                vexDisplayThemeIdGet
 .text.vexDeviceEventMaskSet
                0x03802ac4       0x48 D:\VEX Robotics\VEXcode\sdk/vexv5\libv5rt.a(v5_apijump.c.obj)
                0x03802ac4                vexDeviceEventMaskSet
 .text.vexDeviceEventMaskGet
                0x03802b0c       0x3c D:\VEX Robotics\VEXcode\sdk/vexv5\libv5rt.a(v5_apijump.c.obj)
                0x03802b0c                vexDeviceEventMaskGet
 .text.vexSystemVersion
                0x03802b48       0x10 D:\VEX Robotics\VEXcode\sdk/vexv5\libv5rt.a(v5_apiversions.c.obj)
                0x03802b48                vexSystemVersion
 .text.vexStdlibVersion
                0x03802b58       0x10 D:\VEX Robotics\VEXcode\sdk/vexv5\libv5rt.a(v5_apiversions.c.obj)
                0x03802b58                vexStdlibVersion
 .text._ZN3vex5motor9installedEv
                0x03802b68       0x18 D:\VEX Robotics\VEXcode\sdk/vexv5\libv5rt.a(vex_motor.cpp.obj)
                0x03802b68                vex::motor::installed()
 .text._ZN3vex5motorD2Ev
                0x03802b80       0x20 D:\VEX Robotics\VEXcode\sdk/vexv5\libv5rt.a(vex_motor.cpp.obj)
                0x03802b80                vex::motor::~motor()
                0x03802b80                vex::motor::~motor()
 .text._ZN3vex5motor15defaultStoppingENS_9brakeTypeE
                0x03802ba0       0x30 D:\VEX Robotics\VEXcode\sdk/vexv5\libv5rt.a(vex_motor.cpp.obj)
                0x03802ba0                vex::motor::defaultStopping(vex::brakeType)
 .text._ZN3vex5motor8setBrakeENS_9brakeTypeE
                0x03802bd0        0x4 D:\VEX Robotics\VEXcode\sdk/vexv5\libv5rt.a(vex_motor.cpp.obj)
                0x03802bd0                vex::motor::setBrake(vex::brakeType)
 .text._ZN3vex5motorC2El
                0x03802bd4       0x70 D:\VEX Robotics\VEXcode\sdk/vexv5\libv5rt.a(vex_motor.cpp.obj)
                0x03802bd4                vex::motor::motor(long)
                0x03802bd4                vex::motor::motor(long)
 .text._ZN3vex5motorC2ElNS_11gearSettingEb
                0x03802c44       0x34 D:\VEX Robotics\VEXcode\sdk/vexv5\libv5rt.a(vex_motor.cpp.obj)
                0x03802c44                vex::motor::motor(long, vex::gearSetting, bool)
                0x03802c44                vex::motor::motor(long, vex::gearSetting, bool)
 .text._ZN3vex5motor4stopENS_9brakeTypeE
                0x03802c78       0x30 D:\VEX Robotics\VEXcode\sdk/vexv5\libv5rt.a(vex_motor.cpp.obj)
                0x03802c78                vex::motor::stop(vex::brakeType)
 .text._ZN3vex5motor4stopEv
                0x03802ca8        0x8 D:\VEX Robotics\VEXcode\sdk/vexv5\libv5rt.a(vex_motor.cpp.obj)
                0x03802ca8                vex::motor::stop()
 .text._ZN3vex5motor16velocityToScaledEdNS_13velocityUnitsE
                0x03802cb0       0x5c D:\VEX Robotics\VEXcode\sdk/vexv5\libv5rt.a(vex_motor.cpp.obj)
                0x03802cb0                vex::motor::velocityToScaled(double, vex::velocityUnits)
 .text._ZN3vex5motor8velocityENS_13velocityUnitsE
                0x03802d0c       0x30 D:\VEX Robotics\VEXcode\sdk/vexv5\libv5rt.a(vex_motor.cpp.obj)
                0x03802d0c                vex::motor::velocity(vex::velocityUnits)
 .text._ZN3vex5motor5valueEv
                0x03802d3c       0x1c D:\VEX Robotics\VEXcode\sdk/vexv5\libv5rt.a(vex_motor.cpp.obj)
                0x03802d3c                vex::motor::value()
 .text._ZN3vex5motor16scaledToVelocityEdNS_13velocityUnitsE
                0x03802d58       0xa4 D:\VEX Robotics\VEXcode\sdk/vexv5\libv5rt.a(vex_motor.cpp.obj)
                0x03802d58                vex::motor::scaledToVelocity(double, vex::velocityUnits)
 .text._ZN3vex5motor4spinENS_13directionTypeEdNS_13velocityUnitsE
                0x03802dfc       0x5c D:\VEX Robotics\VEXcode\sdk/vexv5\libv5rt.a(vex_motor.cpp.obj)
                0x03802dfc                vex::motor::spin(vex::directionType, double, vex::velocityUnits)
 .text._ZN3vex5motor16setRotationUnitsENS_13rotationUnitsE
                0x03802e58       0x1c D:\VEX Robotics\VEXcode\sdk/vexv5\libv5rt.a(vex_motor.cpp.obj)
                0x03802e58                vex::motor::setRotationUnits(vex::rotationUnits)
 .text._ZN3vex5motor11setRotationEdNS_13rotationUnitsE
                0x03802e74       0x44 D:\VEX Robotics\VEXcode\sdk/vexv5\libv5rt.a(vex_motor.cpp.obj)
                0x03802e74                vex::motor::setRotation(double, vex::rotationUnits)
 .text._ZN3vex5motor13resetRotationEv
                0x03802eb8       0x20 D:\VEX Robotics\VEXcode\sdk/vexv5\libv5rt.a(vex_motor.cpp.obj)
                0x03802eb8                vex::motor::resetRotation()
 .text._ZN3vex5motor8rotationENS_13rotationUnitsE
                0x03802ed8       0x44 D:\VEX Robotics\VEXcode\sdk/vexv5\libv5rt.a(vex_motor.cpp.obj)
                0x03802ed8                vex::motor::rotation(vex::rotationUnits)
 .text.startup._GLOBAL__sub_I__ZN3vex5motorC2El
                0x03802f1c       0x30 D:\VEX Robotics\VEXcode\sdk/vexv5\libv5rt.a(vex_motor.cpp.obj)
 .text._ZN3vex10controllerD2Ev
                0x03802f4c        0x4 D:\VEX Robotics\VEXcode\sdk/vexv5\libv5rt.a(vex_controller.cpp.obj)
                0x03802f4c                vex::controller::~controller()
                0x03802f4c                vex::controller::~controller()
 .text._ZN3vex10controller5valueE19_V5_ControllerIndex
                0x03802f50        0x8 D:\VEX Robotics\VEXcode\sdk/vexv5\libv5rt.a(vex_controller.cpp.obj)
                0x03802f50                vex::controller::value(_V5_ControllerIndex)
 .text._ZN3vex10controller6button8pressingEv
                0x03802f58       0xc8 D:\VEX Robotics\VEXcode\sdk/vexv5\libv5rt.a(vex_controller.cpp.obj)
                0x03802f58                vex::controller::button::pressing()
 .text._ZN3vex10controller6button21_buttonToPressedEventEv
                0x03803020       0x20 D:\VEX Robotics\VEXcode\sdk/vexv5\libv5rt.a(vex_controller.cpp.obj)
                0x03803020                vex::controller::button::_buttonToPressedEvent()
 .text._ZN3vex10controller6button22_buttonToReleasedEventEv
                0x03803040       0x20 D:\VEX Robotics\VEXcode\sdk/vexv5\libv5rt.a(vex_controller.cpp.obj)
                0x03803040                vex::controller::button::_buttonToReleasedEvent()
 .text._ZN3vex10controller6buttonC2ENS0_11tButtonTypeEPS0_
                0x03803060       0x48 D:\VEX Robotics\VEXcode\sdk/vexv5\libv5rt.a(vex_controller.cpp.obj)
                0x03803060                vex::controller::button::button(vex::controller::tButtonType, vex::controller*)
                0x03803060                vex::controller::button::button(vex::controller::tButtonType, vex::controller*)
 .text._ZN3vex10controller4axis5valueEv
                0x038030a8       0x58 D:\VEX Robotics\VEXcode\sdk/vexv5\libv5rt.a(vex_controller.cpp.obj)
                0x038030a8                vex::controller::axis::value()
 .text._ZN3vex10controller4axis8positionENS_12percentUnitsE
                0x03803100       0x1c D:\VEX Robotics\VEXcode\sdk/vexv5\libv5rt.a(vex_controller.cpp.obj)
                0x03803100                vex::controller::axis::position(vex::percentUnits)
 .text._ZN3vex10controller4axis23_joystickToChangedEventEv
                0x0380311c       0x20 D:\VEX Robotics\VEXcode\sdk/vexv5\libv5rt.a(vex_controller.cpp.obj)
                0x0380311c                vex::controller::axis::_joystickToChangedEvent()
 .text._ZN3vex10controller4axisC2ENS0_9tAxisTypeEPS0_
                0x0380313c       0x2c D:\VEX Robotics\VEXcode\sdk/vexv5\libv5rt.a(vex_controller.cpp.obj)
                0x0380313c                vex::controller::axis::axis(vex::controller::tAxisType, vex::controller*)
                0x0380313c                vex::controller::axis::axis(vex::controller::tAxisType, vex::controller*)
 .text._ZN3vex10controllerC2Ev
                0x03803168      0x204 D:\VEX Robotics\VEXcode\sdk/vexv5\libv5rt.a(vex_controller.cpp.obj)
                0x03803168                vex::controller::controller()
                0x03803168                vex::controller::controller()
 .text._ZN3vex4taskC2EPFivE
                0x0380336c       0x54 D:\VEX Robotics\VEXcode\sdk/vexv5\libv5rt.a(vex_task.cpp.obj)
                0x0380336c                vex::task::task(int (*)())
                0x0380336c                vex::task::task(int (*)())
 .text._ZN3vex4taskD2Ev
                0x038033c0        0x4 D:\VEX Robotics\VEXcode\sdk/vexv5\libv5rt.a(vex_task.cpp.obj)
                0x038033c0                vex::task::~task()
                0x038033c0                vex::task::~task()
 .text._ZN3vex4task4stopEv
                0x038033c4       0x10 D:\VEX Robotics\VEXcode\sdk/vexv5\libv5rt.a(vex_task.cpp.obj)
                0x038033c4                vex::task::stop()
 .text._ZN3vex4task7suspendEv
                0x038033d4       0x10 D:\VEX Robotics\VEXcode\sdk/vexv5\libv5rt.a(vex_task.cpp.obj)
                0x038033d4                vex::task::suspend()
 .text._ZN3vex4task6resumeEv
                0x038033e4       0x10 D:\VEX Robotics\VEXcode\sdk/vexv5\libv5rt.a(vex_task.cpp.obj)
                0x038033e4                vex::task::resume()
 .text._ZN3vex4task5sleepEm
                0x038033f4        0x4 D:\VEX Robotics\VEXcode\sdk/vexv5\libv5rt.a(vex_task.cpp.obj)
                0x038033f4                vex::task::sleep(unsigned long)
 .text._ZN3vex5event4initEmmPFvvE
                0x038033f8        0x4 D:\VEX Robotics\VEXcode\sdk/vexv5\libv5rt.a(vex_event.cpp.obj)
                0x038033f8                vex::event::init(unsigned long, unsigned long, void (*)())
 .text._ZN3vex5event9userindexEv
                0x038033fc        0x4 D:\VEX Robotics\VEXcode\sdk/vexv5\libv5rt.a(vex_event.cpp.obj)
                0x038033fc                vex::event::userindex()
 .text._ZZN3vex6meventC4EmmENUlvE_4_FUNEv
                0x03803400        0x4 D:\VEX Robotics\VEXcode\sdk/vexv5\libv5rt.a(vex_mevent.cpp.obj)
 .text._ZN3vex6meventC2Emm
                0x03803404       0x70 D:\VEX Robotics\VEXcode\sdk/vexv5\libv5rt.a(vex_mevent.cpp.obj)
                0x03803404                vex::mevent::mevent(unsigned long, unsigned long)
                0x03803404                vex::mevent::mevent(unsigned long, unsigned long)
 .text._ZN3vex5brainD2Ev
                0x03803474       0x20 D:\VEX Robotics\VEXcode\sdk/vexv5\libv5rt.a(vex_brain.cpp.obj)
                0x03803474                vex::brain::~brain()
                0x03803474                vex::brain::~brain()
 .text._ZN3vex5brain9_getIndexEv
                0x03803494       0x10 D:\VEX Robotics\VEXcode\sdk/vexv5\libv5rt.a(vex_brain.cpp.obj)
                0x03803494                vex::brain::_getIndex()
 .text._ZN3vex5brain3lcd9setCursorEll
                0x038034a4       0x44 D:\VEX Robotics\VEXcode\sdk/vexv5\libv5rt.a(vex_brain.cpp.obj)
                0x038034a4                vex::brain::lcd::setCursor(long, long)
 .text._ZN3vex5brain3lcd7setFontENS_8fontTypeE
                0x038034e8      0x228 D:\VEX Robotics\VEXcode\sdk/vexv5\libv5rt.a(vex_brain.cpp.obj)
                0x038034e8                vex::brain::lcd::setFont(vex::fontType)
 .text._ZN3vex5brain3lcdC2Ev
                0x03803710       0x94 D:\VEX Robotics\VEXcode\sdk/vexv5\libv5rt.a(vex_brain.cpp.obj)
                0x03803710                vex::brain::lcd::lcd()
                0x03803710                vex::brain::lcd::lcd()
 .text._ZN3vex5brainC2Ev
                0x038037a4       0x40 D:\VEX Robotics\VEXcode\sdk/vexv5\libv5rt.a(vex_brain.cpp.obj)
                0x038037a4                vex::brain::brain()
                0x038037a4                vex::brain::brain()
 .text._ZN3vex5brain3lcd12_clearScreenEm
                0x038037e4       0x38 D:\VEX Robotics\VEXcode\sdk/vexv5\libv5rt.a(vex_brain.cpp.obj)
                0x038037e4                vex::brain::lcd::_clearScreen(unsigned long)
 .text._ZN3vex5brain3lcd11clearScreenERKNS_5colorE
                0x0380381c       0x20 D:\VEX Robotics\VEXcode\sdk/vexv5\libv5rt.a(vex_brain.cpp.obj)
                0x0380381c                vex::brain::lcd::clearScreen(vex::color const&)
 .text._ZN3vex5brain3lcd11clearScreenEv
                0x0380383c       0x2c D:\VEX Robotics\VEXcode\sdk/vexv5\libv5rt.a(vex_brain.cpp.obj)
                0x0380383c                vex::brain::lcd::clearScreen()
 .text._ZN3vex5brain3lcd10rowToPixelEl
                0x03803868       0x34 D:\VEX Robotics\VEXcode\sdk/vexv5\libv5rt.a(vex_brain.cpp.obj)
                0x03803868                vex::brain::lcd::rowToPixel(long)
 .text._ZN3vex5brain3lcd10colToPixelEl
                0x0380389c       0x1c D:\VEX Robotics\VEXcode\sdk/vexv5\libv5rt.a(vex_brain.cpp.obj)
                0x0380389c                vex::brain::lcd::colToPixel(long)
 .text._ZN3vex5brain3lcd5printEPKcz
                0x038038b8       0xa0 D:\VEX Robotics\VEXcode\sdk/vexv5\libv5rt.a(vex_brain.cpp.obj)
                0x038038b8                vex::brain::lcd::print(char const*, ...)
 .text._ZN3vex7triport9installedEv
                0x03803958       0x18 D:\VEX Robotics\VEXcode\sdk/vexv5\libv5rt.a(vex_triport.cpp.obj)
                0x03803958                vex::triport::installed()
 .text._ZN3vex7triportD2Ev
                0x03803970       0x38 D:\VEX Robotics\VEXcode\sdk/vexv5\libv5rt.a(vex_triport.cpp.obj)
                0x03803970                vex::triport::~triport()
                0x03803970                vex::triport::~triport()
 .text._ZN3vex7triport4portC2ElPS0_
                0x038039a8       0x90 D:\VEX Robotics\VEXcode\sdk/vexv5\libv5rt.a(vex_triport.cpp.obj)
                0x038039a8                vex::triport::port::port(long, vex::triport*)
                0x038039a8                vex::triport::port::port(long, vex::triport*)
 .text._ZN3vex7triportC2El
                0x03803a38       0xf0 D:\VEX Robotics\VEXcode\sdk/vexv5\libv5rt.a(vex_triport.cpp.obj)
                0x03803a38                vex::triport::triport(long)
                0x03803a38                vex::triport::triport(long)
 .text._ZN3vex7triport4port4typeENS_11triportTypeE
                0x03803b28       0x34 D:\VEX Robotics\VEXcode\sdk/vexv5\libv5rt.a(vex_triport.cpp.obj)
                0x03803b28                vex::triport::port::type(vex::triportType)
 .text._ZN3vex7triport4port4typeEv
                0x03803b5c       0x38 D:\VEX Robotics\VEXcode\sdk/vexv5\libv5rt.a(vex_triport.cpp.obj)
                0x03803b5c                vex::triport::port::type()
 .text._ZN3vex7triport4port5valueEv
                0x03803b94       0x14 D:\VEX Robotics\VEXcode\sdk/vexv5\libv5rt.a(vex_triport.cpp.obj)
                0x03803b94                vex::triport::port::value()
 .text._ZN3vex7triport4port5valueEl
                0x03803ba8       0x18 D:\VEX Robotics\VEXcode\sdk/vexv5\libv5rt.a(vex_triport.cpp.obj)
                0x03803ba8                vex::triport::port::value(long)
 .text._ZN3vex7triport4port11setRotationEdNS_13rotationUnitsE
                0x03803bc0       0x50 D:\VEX Robotics\VEXcode\sdk/vexv5\libv5rt.a(vex_triport.cpp.obj)
                0x03803bc0                vex::triport::port::setRotation(double, vex::rotationUnits)
 .text._ZN3vex7triport4port8rotationENS_13rotationUnitsE
                0x03803c10       0x40 D:\VEX Robotics\VEXcode\sdk/vexv5\libv5rt.a(vex_triport.cpp.obj)
                0x03803c10                vex::triport::port::rotation(vex::rotationUnits)
 .text._ZN3vex11__trideviceC2ERNS_7triport4portENS_11triportTypeE
                0x03803c50       0x5c D:\VEX Robotics\VEXcode\sdk/vexv5\libv5rt.a(vex_triport.cpp.obj)
                0x03803c50                vex::__tridevice::__tridevice(vex::triport::port&, vex::triportType)
                0x03803c50                vex::__tridevice::__tridevice(vex::triport::port&, vex::triportType)
 .text._ZN3vex5limitC2ERNS_7triport4portE
                0x03803cac       0x28 D:\VEX Robotics\VEXcode\sdk/vexv5\libv5rt.a(vex_triport.cpp.obj)
                0x03803cac                vex::limit::limit(vex::triport::port&)
                0x03803cac                vex::limit::limit(vex::triport::port&)
 .text._ZN3vex5limitD2Ev
                0x03803cd4        0x4 D:\VEX Robotics\VEXcode\sdk/vexv5\libv5rt.a(vex_triport.cpp.obj)
                0x03803cd4                vex::limit::~limit()
                0x03803cd4                vex::limit::~limit()
 .text._ZN3vex5limit5valueEv
                0x03803cd8        0x8 D:\VEX Robotics\VEXcode\sdk/vexv5\libv5rt.a(vex_triport.cpp.obj)
                0x03803cd8                vex::limit::value()
 .text._ZN3vex7encoderC2ERNS_7triport4portE
                0x03803ce0       0x20 D:\VEX Robotics\VEXcode\sdk/vexv5\libv5rt.a(vex_triport.cpp.obj)
                0x03803ce0                vex::encoder::encoder(vex::triport::port&)
                0x03803ce0                vex::encoder::encoder(vex::triport::port&)
 .text._ZN3vex7encoderD2Ev
                0x03803d00        0x4 D:\VEX Robotics\VEXcode\sdk/vexv5\libv5rt.a(vex_triport.cpp.obj)
                0x03803d00                vex::encoder::~encoder()
                0x03803d00                vex::encoder::~encoder()
 .text._ZN3vex7encoder11setRotationEdNS_13rotationUnitsE
                0x03803d04        0x8 D:\VEX Robotics\VEXcode\sdk/vexv5\libv5rt.a(vex_triport.cpp.obj)
                0x03803d04                vex::encoder::setRotation(double, vex::rotationUnits)
 .text._ZN3vex7encoder8rotationENS_13rotationUnitsE
                0x03803d0c        0x8 D:\VEX Robotics\VEXcode\sdk/vexv5\libv5rt.a(vex_triport.cpp.obj)
                0x03803d0c                vex::encoder::rotation(vex::rotationUnits)
 .text.startup._GLOBAL__sub_I__ZN3vex7triportC2El
                0x03803d14       0x30 D:\VEX Robotics\VEXcode\sdk/vexv5\libv5rt.a(vex_triport.cpp.obj)
 .text._ZN3vex5colorD2Ev
                0x03803d44        0x4 D:\VEX Robotics\VEXcode\sdk/vexv5\libv5rt.a(vex_color.cpp.obj)
                0x03803d44                vex::color::~color()
                0x03803d44                vex::color::~color()
 .text._ZNK3vex5colorcvmEv
                0x03803d48        0x8 D:\VEX Robotics\VEXcode\sdk/vexv5\libv5rt.a(vex_color.cpp.obj)
                0x03803d48                vex::color::operator unsigned long() const
 .text.startup._GLOBAL__sub_I__ZN3vex5color5blackE
                0x03803d50      0x164 D:\VEX Robotics\VEXcode\sdk/vexv5\libv5rt.a(vex_color.cpp.obj)
 .text._ZN3vex5timerD2Ev
                0x03803eb4        0x4 D:\VEX Robotics\VEXcode\sdk/vexv5\libv5rt.a(vex_timer.cpp.obj)
                0x03803eb4                vex::timer::~timer()
                0x03803eb4                vex::timer::~timer()
 .text._ZN3vex5timer5clearEv
                0x03803eb8       0x1c D:\VEX Robotics\VEXcode\sdk/vexv5\libv5rt.a(vex_timer.cpp.obj)
                0x03803eb8                vex::timer::clear()
 .text._ZN3vex5timerC2Ev
                0x03803ed4       0x14 D:\VEX Robotics\VEXcode\sdk/vexv5\libv5rt.a(vex_timer.cpp.obj)
                0x03803ed4                vex::timer::timer()
                0x03803ed4                vex::timer::timer()
 .text._ZNK3vex5timer4timeEv
                0x03803ee8       0x1c D:\VEX Robotics\VEXcode\sdk/vexv5\libv5rt.a(vex_timer.cpp.obj)
                0x03803ee8                vex::timer::time() const
 .text.vexAdiPortConfigSet
                0x03803f04       0x28 D:\VEX Robotics\VEXcode\sdk/vexv5\libv5rt.a(v5_apiuser.c.obj)
                0x03803f04                vexAdiPortConfigSet
 .text.vexAdiPortConfigGet
                0x03803f2c       0x28 D:\VEX Robotics\VEXcode\sdk/vexv5\libv5rt.a(v5_apiuser.c.obj)
                0x03803f2c                vexAdiPortConfigGet
 .text.vexAdiValueSet
                0x03803f54       0x28 D:\VEX Robotics\VEXcode\sdk/vexv5\libv5rt.a(v5_apiuser.c.obj)
                0x03803f54                vexAdiValueSet
 .text.vexAdiValueGet
                0x03803f7c       0x20 D:\VEX Robotics\VEXcode\sdk/vexv5\libv5rt.a(v5_apiuser.c.obj)
                0x03803f7c                vexAdiValueGet
 .text.vexMotorVelocitySet
                0x03803f9c       0x20 D:\VEX Robotics\VEXcode\sdk/vexv5\libv5rt.a(v5_apiuser.c.obj)
                0x03803f9c                vexMotorVelocitySet
 .text.vexMotorActualVelocityGet
                0x03803fbc       0x24 D:\VEX Robotics\VEXcode\sdk/vexv5\libv5rt.a(v5_apiuser.c.obj)
                0x03803fbc                vexMotorActualVelocityGet
 .text.vexMotorReverseFlagSet
                0x03803fe0       0x20 D:\VEX Robotics\VEXcode\sdk/vexv5\libv5rt.a(v5_apiuser.c.obj)
                0x03803fe0                vexMotorReverseFlagSet
 .text.vexMotorEncoderUnitsSet
                0x03804000       0x20 D:\VEX Robotics\VEXcode\sdk/vexv5\libv5rt.a(v5_apiuser.c.obj)
                0x03804000                vexMotorEncoderUnitsSet
 .text.vexMotorBrakeModeSet
                0x03804020       0x20 D:\VEX Robotics\VEXcode\sdk/vexv5\libv5rt.a(v5_apiuser.c.obj)
                0x03804020                vexMotorBrakeModeSet
 .text.vexMotorPositionSet
                0x03804040       0x28 D:\VEX Robotics\VEXcode\sdk/vexv5\libv5rt.a(v5_apiuser.c.obj)
                0x03804040                vexMotorPositionSet
 .text.vexMotorPositionGet
                0x03804068       0x24 D:\VEX Robotics\VEXcode\sdk/vexv5\libv5rt.a(v5_apiuser.c.obj)
                0x03804068                vexMotorPositionGet
 .text.vexMotorGearingSet
                0x0380408c       0x20 D:\VEX Robotics\VEXcode\sdk/vexv5\libv5rt.a(v5_apiuser.c.obj)
                0x0380408c                vexMotorGearingSet
 .text.vexMotorGearingGet
                0x038040ac       0x18 D:\VEX Robotics\VEXcode\sdk/vexv5\libv5rt.a(v5_apiuser.c.obj)
                0x038040ac                vexMotorGearingGet
 .text.vexEventMaskSet
                0x038040c4       0x28 D:\VEX Robotics\VEXcode\sdk/vexv5\libv5rt.a(v5_apiuser.c.obj)
                0x038040c4                vexEventMaskSet
 .text.vexEventMaskGet
                0x038040ec       0x18 D:\VEX Robotics\VEXcode\sdk/vexv5\libv5rt.a(v5_apiuser.c.obj)
                0x038040ec                vexEventMaskGet
 .text._ZN3vex6device5valueEv
                0x03804104        0x8 D:\VEX Robotics\VEXcode\sdk/vexv5\libv5rt.a(vex_device.cpp.obj)
                0x03804104                vex::device::value()
 .text._ZN3vex6deviceD2Ev
                0x0380410c        0x4 D:\VEX Robotics\VEXcode\sdk/vexv5\libv5rt.a(vex_device.cpp.obj)
                0x0380410c                vex::device::~device()
                0x0380410c                vex::device::~device()
 .text._ZN3vex6device4initEl
                0x03804110       0x30 D:\VEX Robotics\VEXcode\sdk/vexv5\libv5rt.a(vex_device.cpp.obj)
                0x03804110                vex::device::init(long)
 .text._ZN3vex6deviceC2El
                0x03804140       0x20 D:\VEX Robotics\VEXcode\sdk/vexv5\libv5rt.a(vex_device.cpp.obj)
                0x03804140                vex::device::device(long)
                0x03804140                vex::device::device(long)
 .text._ZN3vex6device4typeEv
                0x03804160       0x10 D:\VEX Robotics\VEXcode\sdk/vexv5\libv5rt.a(vex_device.cpp.obj)
                0x03804160                vex::device::type()
 .text._ZN3vex6device9installedEv
                0x03804170       0x14 D:\VEX Robotics\VEXcode\sdk/vexv5\libv5rt.a(vex_device.cpp.obj)
                0x03804170                vex::device::installed()
 .text.__libc_fini_array
                0x03804184       0x30 D:\VEX Robotics\VEXcode\sdk/vexv5/gcc/libs\libc.a(lib_a-fini.o)
                0x03804184                __libc_fini_array
 .text.__libc_init_array
                0x038041b4       0x58 D:\VEX Robotics\VEXcode\sdk/vexv5/gcc/libs\libc.a(lib_a-init.o)
                0x038041b4                __libc_init_array
 *fill*         0x0380420c        0x4 
 .text.__libc_init_array.__stub
                0x03804210       0x18 linker stubs
 *(.gnu.linkonce.t.*)
 *(.plt)
 *(.gnu_warning)
 *(.gcc_except_table)
 *(.glue_7)
 .glue_7        0x00000000        0x0 linker stubs
 *(.glue_7t)
 .glue_7t       0x00000000        0x0 linker stubs
 *(.vfp11_veneer)
 .vfp11_veneer  0x00000000        0x0 linker stubs
 *(.ARM.extab)
 *(.gnu.linkonce.armextab.*)

.v4_bx          0x03804228        0x0
 .v4_bx         0x00000000        0x0 linker stubs

.iplt           0x03804228        0x0
 .iplt          0x00000000        0x0 build/src/main.o

.init
 *(.init)

.fini
 *(.fini)

.rodata         0x03804228      0x15c
                0x03804228                __rodata_start = .
 *(.rodata)
 *(.rodata.*)
 .rodata.str1.1
                0x03804228        0x3 build/src/auton.o
 *fill*         0x0380422b        0x5 
 .rodata._ZN5drive4max1E
                0x03804230        0x8 build/src/drive.o
                0x03804230                drive::max1
 .rodata._ZN5drive3kP1E
                0x03804238        0x8 build/src/drive.o
                0x03804238                drive::kP1
 .rodata._ZN5drive17closeEnoughRange1E
                0x03804240        0x8 build/src/drive.o
                0x03804240                drive::closeEnoughRange1
 .rodata._ZN5drive17closeEnoughDelay1E
                0x03804248        0x8 build/src/drive.o
                0x03804248                drive::closeEnoughDelay1
 .rodata.str1.1
                0x03804250       0x4b build/src/drive.o
 .rodata.str1.1
                0x0380429b       0x2e D:\VEX Robotics\VEXcode\sdk/vexv5\libv5rt.a(v5_startup.c.obj)
 *fill*         0x038042c9        0x3 
 .rodata._ZN3vex6PORT22E
                0x038042cc        0x4 D:\VEX Robotics\VEXcode\sdk/vexv5\libv5rt.a(vex_global.cpp.obj)
                0x038042cc                vex::PORT22
 .rodata._ZN3vex5PORT2E
                0x038042d0        0x4 D:\VEX Robotics\VEXcode\sdk/vexv5\libv5rt.a(vex_global.cpp.obj)
                0x038042d0                vex::PORT2
 .rodata._ZN3vex5PORT4E
                0x038042d4        0x4 D:\VEX Robotics\VEXcode\sdk/vexv5\libv5rt.a(vex_global.cpp.obj)
                0x038042d4                vex::PORT4
 .rodata._ZN3vex6PORT13E
                0x038042d8        0x4 D:\VEX Robotics\VEXcode\sdk/vexv5\libv5rt.a(vex_global.cpp.obj)
                0x038042d8                vex::PORT13
 .rodata._ZN3vex5PORT6E
                0x038042dc        0x4 D:\VEX Robotics\VEXcode\sdk/vexv5\libv5rt.a(vex_global.cpp.obj)
                0x038042dc                vex::PORT6
 .rodata._ZN3vex5PORT1E
                0x038042e0        0x4 D:\VEX Robotics\VEXcode\sdk/vexv5\libv5rt.a(vex_global.cpp.obj)
                0x038042e0                vex::PORT1
 .rodata._ZN3vex5PORT9E
                0x038042e4        0x4 D:\VEX Robotics\VEXcode\sdk/vexv5\libv5rt.a(vex_global.cpp.obj)
                0x038042e4                vex::PORT9
 .rodata._ZN3vex5PORT3E
                0x038042e8        0x4 D:\VEX Robotics\VEXcode\sdk/vexv5\libv5rt.a(vex_global.cpp.obj)
                0x038042e8                vex::PORT3
 .rodata._ZN3vex6PORT20E
                0x038042ec        0x4 D:\VEX Robotics\VEXcode\sdk/vexv5\libv5rt.a(vex_global.cpp.obj)
                0x038042ec                vex::PORT20
 .rodata._ZTVN3vex5motorE
                0x038042f0       0x10 D:\VEX Robotics\VEXcode\sdk/vexv5\libv5rt.a(vex_motor.cpp.obj)
                0x038042f0                vtable for vex::motor
 .rodata.CSWTCH.15
                0x03804300        0xb D:\VEX Robotics\VEXcode\sdk/vexv5\libv5rt.a(vex_controller.cpp.obj)
 .rodata.CSWTCH.17
                0x0380430b        0xb D:\VEX Robotics\VEXcode\sdk/vexv5\libv5rt.a(vex_controller.cpp.obj)
 .rodata.CSWTCH.23
                0x03804316        0x3 D:\VEX Robotics\VEXcode\sdk/vexv5\libv5rt.a(vex_controller.cpp.obj)
 .rodata.str1.1
                0x03804319        0xa D:\VEX Robotics\VEXcode\sdk/vexv5\libv5rt.a(vex_task.cpp.obj)
 .rodata.str1.1
                0x03804323       0x1a D:\VEX Robotics\VEXcode\sdk/vexv5\libv5rt.a(vex_brain.cpp.obj)
 *fill*         0x0380433d        0x3 
 .rodata._ZTVN3vex7triportE
                0x03804340       0x10 D:\VEX Robotics\VEXcode\sdk/vexv5\libv5rt.a(vex_triport.cpp.obj)
                0x03804340                vtable for vex::triport
 .rodata.CSWTCH.30
                0x03804350       0x10 D:\VEX Robotics\VEXcode\sdk/vexv5\libv5rt.a(vex_triport.cpp.obj)
 .rodata.CSWTCH.25
                0x03804360        0xe D:\VEX Robotics\VEXcode\sdk/vexv5\libv5rt.a(vex_triport.cpp.obj)
 *fill*         0x0380436e        0x2 
 .rodata._ZTVN3vex6deviceE
                0x03804370       0x10 D:\VEX Robotics\VEXcode\sdk/vexv5\libv5rt.a(vex_device.cpp.obj)
                0x03804370                vtable for vex::device
 .rodata.str1.4
                0x03804380        0x4 D:\VEX Robotics\VEXcode\sdk/vexv5/gcc/libs\libc.a(lib_a-impure.o)
                                  0x2 (size before relaxing)
 *(.gnu.linkonce.r.*)
                0x03804384                __rodata_end = .

.rodata1        0x03804384        0x0
                0x03804384                __rodata1_start = .
 *(.rodata1)
 *(.rodata1.*)
                0x03804384                __rodata1_end = .

.sdata2         0x03804384        0x0
                0x03804384                __sdata2_start = .
 *(.sdata2)
 *(.sdata2.*)
 *(.gnu.linkonce.s2.*)
                0x03804384                __sdata2_end = .

.sbss2          0x03804384        0x0
                0x03804384                __sbss2_start = .
 *(.sbss2)
 *(.sbss2.*)
 *(.gnu.linkonce.sb2.*)
                0x03804384                __sbss2_end = .

.data           0x03804388      0x434
                0x03804388                __data_start = .
 *(.data)
 *(.data.*)
 .data.appRunning
                0x03804388        0x4 D:\VEX Robotics\VEXcode\sdk/vexv5\libv5rt.a(v5_startup.c.obj)
                0x03804388                appRunning
 .data.__yoff   0x0380438c        0x4 D:\VEX Robotics\VEXcode\sdk/vexv5\libv5rt.a(v5_apijump.c.obj)
 .data.impure_data
                0x03804390      0x428 D:\VEX Robotics\VEXcode\sdk/vexv5/gcc/libs\libc.a(lib_a-impure.o)
 .data._impure_ptr
                0x038047b8        0x4 D:\VEX Robotics\VEXcode\sdk/vexv5/gcc/libs\libc.a(lib_a-impure.o)
                0x038047b8                _impure_ptr
 *(.gnu.linkonce.d.*)
 *(.jcr)
 *(.got)
 *(.got.plt)
                0x038047bc                __data_end = .

.igot.plt       0x038047bc        0x0
 .igot.plt      0x00000000        0x0 build/src/main.o

.data1          0x038047bc        0x0
                0x038047bc                __data1_start = .
 *(.data1)
 *(.data1.*)
                0x038047bc                __data1_end = .

.got
 *(.got)

.ctors          0x038047bc        0x0
                0x038047bc                __CTOR_LIST__ = .
                0x038047bc                ___CTORS_LIST___ = .
 *crtbegin.o(.ctors)
 *(EXCLUDE_FILE(*crtend.o) .ctors)
 *(SORT(.ctors.*))
 *(.ctors)
                0x038047bc                __CTOR_END__ = .
                0x038047bc                ___CTORS_END___ = .

.dtors          0x038047bc        0x0
                0x038047bc                __DTOR_LIST__ = .
                0x038047bc                ___DTORS_LIST___ = .
 *crtbegin.o(.dtors)
 *(EXCLUDE_FILE(*crtend.o) .dtors)
 *(SORT(.dtors.*))
 *(.dtors)
                0x038047bc                __DTOR_END__ = .
                0x038047bc                ___DTORS_END___ = .

.fixup          0x038047bc        0x0
                0x038047bc                __fixup_start = .
 *(.fixup)
                0x038047bc                __fixup_end = .

.eh_frame
 *(.eh_frame)

.eh_framehdr    0x038047bc        0x0
                0x038047bc                __eh_framehdr_start = .
 *(.eh_framehdr)
                0x038047bc                __eh_framehdr_end = .

.gcc_except_table
 *(.gcc_except_table)

.mmu_tbl        0x03808000        0x0
                0x03808000                __mmu_tbl_start = .
 *(.mmu_tbl)
                0x03808000                __mmu_tbl_end = .

.ARM.exidx      0x038047bc        0x8
                0x038047bc                __exidx_start = .
 *(.ARM.exidx*)
 .ARM.exidx.text.main
                0x038047bc        0x8 build/src/main.o
 .ARM.exidx.text._GLOBAL__sub_I_main.cpp
                0x038047c4        0x0 build/src/main.o
                                  0x8 (size before relaxing)
 .ARM.exidx.text._ZN5macro15cubeIntakeMacroEPN3vex4taskES2_
                0x038047c4        0x0 build/src/macro.o
                                  0x8 (size before relaxing)
 .ARM.exidx.text._ZN5macro5stackEPN3vex4taskES2_S2_
                0x038047c4        0x0 build/src/macro.o
                                  0x8 (size before relaxing)
 .ARM.exidx.text._GLOBAL__sub_I_macro.cpp
                0x038047c4        0x0 build/src/macro.o
                                  0x8 (size before relaxing)
 .ARM.exidx.text._ZN5auton8_bigLiftEv
                0x038047c4        0x0 build/src/auton.o
                                  0x8 (size before relaxing)
 .ARM.exidx.text._ZN5auton10_smallLiftEv
                0x038047c4        0x0 build/src/auton.o
                                  0x8 (size before relaxing)
 .ARM.exidx.text._ZN5auton10blueBigNewEv
                0x038047c4        0x0 build/src/auton.o
                                  0x8 (size before relaxing)
 .ARM.exidx.text._GLOBAL__sub_I_auton.cpp
                0x038047c4        0x0 build/src/auton.o
                                  0x8 (size before relaxing)
 .ARM.exidx.text._ZNSt6vectorIdSaIdEED2Ev
                0x038047c4        0x0 build/src/arm.o
                                  0x8 (size before relaxing)
 .ARM.exidx.text._ZN3arm5resetEv
                0x038047c4        0x0 build/src/arm.o
                                  0x8 (size before relaxing)
 .ARM.exidx.text._ZN3arm10currentValEv
                0x038047c4        0x0 build/src/arm.o
                                  0x8 (size before relaxing)
 .ARM.exidx.text._ZN3arm10setEncoderEd
                0x038047c4        0x0 build/src/arm.o
                                  0x8 (size before relaxing)
 .ARM.exidx.text._ZN3arm3runEi
                0x038047c4        0x0 build/src/arm.o
                                  0x8 (size before relaxing)
 .ARM.exidx.text._ZN3arm4stopEv
                0x038047c4        0x0 build/src/arm.o
                                  0x8 (size before relaxing)
 .ARM.exidx.text._ZN3arm2opEv
                0x038047c4        0x0 build/src/arm.o
                                  0x8 (size before relaxing)
 .ARM.exidx.text._ZN3arm4holdEv
                0x038047c4        0x0 build/src/arm.o
                                  0x8 (size before relaxing)
 .ARM.exidx.text._ZN3arm4moveEdiddd
                0x038047c4        0x0 build/src/arm.o
                                  0x8 (size before relaxing)
 .ARM.exidx.text._GLOBAL__sub_I_arm.cpp
                0x038047c4        0x0 build/src/arm.o
                                  0x8 (size before relaxing)
 .ARM.exidx.text._ZN5drive5resetEv
                0x038047c4        0x0 build/src/drive.o
                                  0x8 (size before relaxing)
 .ARM.exidx.text._ZN5drive7runLeftEi
                0x038047c4        0x0 build/src/drive.o
                                  0x8 (size before relaxing)
 .ARM.exidx.text._ZN5drive8runRightEi
                0x038047c4        0x0 build/src/drive.o
                                  0x8 (size before relaxing)
 .ARM.exidx.text._ZN5drive4turnEd
                0x038047c4        0x0 build/src/drive.o
                                  0x8 (size before relaxing)
 .ARM.exidx.text._ZN5drive7forwardEddddd
                0x038047c4        0x0 build/src/drive.o
                                  0x8 (size before relaxing)
 .ARM.exidx.text._ZN5drive2opEv
                0x038047c4        0x0 build/src/drive.o
                                  0x8 (size before relaxing)
 .ARM.exidx.text._ZNSt6vectorIdSaIdEE19_M_emplace_back_auxIJmEEEvDpOT_
                0x038047c4        0x0 build/src/drive.o
                                  0x8 (size before relaxing)
 .ARM.exidx.text._ZNKSt6vectorIdSaIdEE12_M_check_lenEjPKc
                0x038047c4        0x0 build/src/drive.o
                                  0x8 (size before relaxing)
 .ARM.exidx.text._ZNSt12_Vector_baseIdSaIdEE11_M_allocateEj
                0x038047c4        0x0 build/src/drive.o
                                  0x8 (size before relaxing)
 .ARM.exidx.text._ZNSt6vectorIdSaIdEE19_M_emplace_back_auxIJRdEEEvDpOT_
                0x038047c4        0x0 build/src/drive.o
                                  0x8 (size before relaxing)
 .ARM.exidx.text._ZNSt6vectorIdSaIdEE19_M_emplace_back_auxIJRiEEEvDpOT_
                0x038047c4        0x0 build/src/drive.o
                                  0x8 (size before relaxing)
 .ARM.exidx.text._ZNSt6vectorIdSaIdEE19_M_emplace_back_auxIJdEEEvDpOT_
                0x038047c4        0x0 build/src/drive.o
                                  0x8 (size before relaxing)
 .ARM.exidx.text._GLOBAL__sub_I_drive.cpp
                0x038047c4        0x0 build/src/drive.o
                                  0x8 (size before relaxing)
 .ARM.exidx.text._ZN6roller5resetEv
                0x038047c4        0x0 build/src/roller.o
                                  0x8 (size before relaxing)
 .ARM.exidx.text._ZN6roller6intakeEi
                0x038047c4        0x0 build/src/roller.o
                                  0x8 (size before relaxing)
 .ARM.exidx.text._ZN6roller6outakeEi
                0x038047c4        0x0 build/src/roller.o
                                  0x8 (size before relaxing)
 .ARM.exidx.text._ZN6roller2opEv
                0x038047c4        0x0 build/src/roller.o
                                  0x8 (size before relaxing)
 .ARM.exidx.text._GLOBAL__sub_I_roller.cpp
                0x038047c4        0x0 build/src/roller.o
                                  0x8 (size before relaxing)
 *(.gnu.linkonce.armexidix.*.*)
                0x038047c4                __exidx_end = .

.rel.dyn        0x038047c4        0x0
 .rel.iplt      0x00000000        0x0 build/src/main.o

.preinit_array  0x038047c4        0x0
                0x038047c4                __preinit_array_start = .
 *(SORT(.preinit_array.*))
 *(.preinit_array)
                0x038047c4                __preinit_array_end = .

.init_array     0x038047c4       0x24
                0x038047c4                __init_array_start = .
 *(SORT(.init_array.*))
 *(.init_array)
 .init_array    0x038047c4        0x4 build/src/main.o
 .init_array    0x038047c8        0x4 build/src/macro.o
 .init_array    0x038047cc        0x4 build/src/auton.o
 .init_array    0x038047d0        0x4 build/src/arm.o
 .init_array    0x038047d4        0x4 build/src/drive.o
 .init_array    0x038047d8        0x4 build/src/roller.o
 .init_array    0x038047dc        0x4 D:\VEX Robotics\VEXcode\sdk/vexv5\libv5rt.a(vex_motor.cpp.obj)
 .init_array    0x038047e0        0x4 D:\VEX Robotics\VEXcode\sdk/vexv5\libv5rt.a(vex_triport.cpp.obj)
 .init_array    0x038047e4        0x4 D:\VEX Robotics\VEXcode\sdk/vexv5\libv5rt.a(vex_color.cpp.obj)
                0x038047e8                __init_array_end = .

.fini_array     0x038047e8        0x0
                0x038047e8                __fini_array_start = .
 *(SORT(.fini_array.*))
 *(.fini_array)
                0x038047e8                __fini_array_end = .

.ARM.attributes
                0x038047e8       0x3a
                0x038047e8                __ARM.attributes_start = .
 *(.ARM.attributes)
 .ARM.attributes
                0x038047e8       0x3a build/src/main.o
 .ARM.attributes
                0x03804822       0x3a build/src/macro.o
 .ARM.attributes
                0x0380485c       0x3a build/src/auton.o
 .ARM.attributes
                0x03804896       0x3a build/src/arm.o
 .ARM.attributes
                0x038048d0       0x3a build/src/drive.o
 .ARM.attributes
                0x0380490a       0x3a build/src/roller.o
 .ARM.attributes
                0x03804944       0x35 D:\VEX Robotics\VEXcode\sdk/vexv5\libv5rt.a(v5_startup.c.obj)
 .ARM.attributes
                0x03804979       0x35 D:\VEX Robotics\VEXcode\sdk/vexv5\libv5rt.a(v5_util.c.obj)
 .ARM.attributes
                0x038049ae       0x35 D:\VEX Robotics\VEXcode\sdk/vexv5\libv5rt.a(v5_apijump.c.obj)
 .ARM.attributes
                0x038049e3       0x35 D:\VEX Robotics\VEXcode\sdk/vexv5\libv5rt.a(v5_apiversions.c.obj)
 .ARM.attributes
                0x03804a18       0x35 D:\VEX Robotics\VEXcode\sdk/vexv5\libv5rt.a(vex_global.cpp.obj)
 .ARM.attributes
                0x03804a4d       0x35 D:\VEX Robotics\VEXcode\sdk/vexv5\libv5rt.a(vex_motor.cpp.obj)
 .ARM.attributes
                0x03804a82       0x35 D:\VEX Robotics\VEXcode\sdk/vexv5\libv5rt.a(vex_controller.cpp.obj)
 .ARM.attributes
                0x03804ab7       0x35 D:\VEX Robotics\VEXcode\sdk/vexv5\libv5rt.a(vex_task.cpp.obj)
 .ARM.attributes
                0x03804aec       0x35 D:\VEX Robotics\VEXcode\sdk/vexv5\libv5rt.a(vex_event.cpp.obj)
 .ARM.attributes
                0x03804b21       0x35 D:\VEX Robotics\VEXcode\sdk/vexv5\libv5rt.a(vex_mevent.cpp.obj)
 .ARM.attributes
                0x03804b56       0x35 D:\VEX Robotics\VEXcode\sdk/vexv5\libv5rt.a(vex_brain.cpp.obj)
 .ARM.attributes
                0x03804b8b       0x35 D:\VEX Robotics\VEXcode\sdk/vexv5\libv5rt.a(vex_triport.cpp.obj)
 .ARM.attributes
                0x03804bc0       0x35 D:\VEX Robotics\VEXcode\sdk/vexv5\libv5rt.a(vex_color.cpp.obj)
 .ARM.attributes
                0x03804bf5       0x35 D:\VEX Robotics\VEXcode\sdk/vexv5\libv5rt.a(vex_timer.cpp.obj)
 .ARM.attributes
                0x03804c2a       0x35 D:\VEX Robotics\VEXcode\sdk/vexv5\libv5rt.a(v5_apiuser.c.obj)
 .ARM.attributes
                0x03804c5f       0x35 D:\VEX Robotics\VEXcode\sdk/vexv5\libv5rt.a(vex_device.cpp.obj)
 .ARM.attributes
                0x03804c94       0x19 D:\VEX Robotics\VEXcode\sdk/vexv5/gcc/libs\libc.a(lib_a-aeabi_memmove-soft.o)
 .ARM.attributes
                0x03804cad       0x2b D:\VEX Robotics\VEXcode\sdk/vexv5/gcc/libs\libc.a(lib_a-fini.o)
 .ARM.attributes
                0x03804cd8       0x2b D:\VEX Robotics\VEXcode\sdk/vexv5/gcc/libs\libc.a(lib_a-impure.o)
 .ARM.attributes
                0x03804d03       0x2b D:\VEX Robotics\VEXcode\sdk/vexv5/gcc/libs\libc.a(lib_a-init.o)
                0x03804d2e                __ARM.attributes_end = .

.sdata          0x038047e8        0x0
                0x038047e8                __sdata_start = .
 *(.sdata)
 *(.sdata.*)
 *(.gnu.linkonce.s.*)
                0x038047e8                __sdata_end = .

.sbss           0x038047e8        0x0
                0x038047e8                __sbss_start = .
 *(.sbss)
 *(.sbss.*)
 *(.gnu.linkonce.sb.*)
                0x038047e8                __sbss_end = .

.tdata          0x038047e8        0x0
                0x038047e8                __tdata_start = .
 *(.tdata)
 *(.tdata.*)
 *(.gnu.linkonce.td.*)
                0x038047e8                __tdata_end = .

.tbss           0x038047e8        0x0
                0x038047e8                __tbss_start = .
 *(.tbss)
 *(.tbss.*)
 *(.gnu.linkonce.tb.*)
                0x038047e8                __tbss_end = .

.bss            0x038047e8      0x770
                0x038047e8                __bss_start = .
 *(.bss)
 *(.bss.*)
 .bss._ZStL8__ioinit
                0x038047e8        0x1 build/src/main.o
 *fill*         0x038047e9        0x3 
 .bss.Brain     0x038047ec      0x2e0 build/src/main.o
                0x038047ec                Brain
 .bss.Controller
                0x03804acc      0x1e0 build/src/main.o
                0x03804acc                Controller
 .bss.botLimit  0x03804cac       0x20 build/src/main.o
                0x03804cac                botLimit
 .bss._ZStL8__ioinit
                0x03804ccc        0x1 build/src/macro.o
 .bss._ZStL8__ioinit
                0x03804ccd        0x1 build/src/auton.o
 .bss._ZStL8__ioinit
                0x03804cce        0x1 build/src/arm.o
 *fill*         0x03804ccf        0x1 
 .bss._ZN3arm4leftE
                0x03804cd0       0x28 build/src/arm.o
                0x03804cd0                arm::left
 .bss._ZN3arm5rightE
                0x03804cf8       0x28 build/src/arm.o
                0x03804cf8                arm::right
 .bss._ZN3arm7armTimeE
                0x03804d20        0xc build/src/arm.o
                0x03804d20                arm::armTime
 .bss._ZN3arm8armErrorE
                0x03804d2c        0xc build/src/arm.o
                0x03804d2c                arm::armError
 .bss._ZN3arm8armSpeedE
                0x03804d38        0xc build/src/arm.o
                0x03804d38                arm::armSpeed
 .bss._ZN3arm11armRotationE
                0x03804d44        0xc build/src/arm.o
                0x03804d44                arm::armRotation
 .bss._ZStL8__ioinit
                0x03804d50        0x1 build/src/drive.o
 *fill*         0x03804d51        0x3 
 .bss._ZN5drive5left1E
                0x03804d54       0x28 build/src/drive.o
                0x03804d54                drive::left1
 .bss._ZN5drive5left2E
                0x03804d7c       0x28 build/src/drive.o
                0x03804d7c                drive::left2
 .bss._ZN5drive6right1E
                0x03804da4       0x28 build/src/drive.o
                0x03804da4                drive::right1
 .bss._ZN5drive6right2E
                0x03804dcc       0x28 build/src/drive.o
                0x03804dcc                drive::right2
 .bss._ZN5drive7leftEncE
                0x03804df4       0x1c build/src/drive.o
                0x03804df4                drive::leftEnc
 .bss._ZN5drive8rightEncE
                0x03804e10       0x1c build/src/drive.o
                0x03804e10                drive::rightEnc
 .bss._ZN5drive12forwardErrorE
                0x03804e2c        0xc build/src/drive.o
                0x03804e2c                drive::forwardError
 .bss._ZN5drive12forwardSpeedE
                0x03804e38        0xc build/src/drive.o
                0x03804e38                drive::forwardSpeed
 .bss._ZN5drive15forwardRotationE
                0x03804e44        0xc build/src/drive.o
                0x03804e44                drive::forwardRotation
 .bss._ZN5drive11forwardTimeE
                0x03804e50        0xc build/src/drive.o
                0x03804e50                drive::forwardTime
 .bss._ZN5drive9turnErrorE
                0x03804e5c        0xc build/src/drive.o
                0x03804e5c                drive::turnError
 .bss._ZN5drive9turnSpeedE
                0x03804e68        0xc build/src/drive.o
                0x03804e68                drive::turnSpeed
 .bss._ZN5drive12turnRotationE
                0x03804e74        0xc build/src/drive.o
                0x03804e74                drive::turnRotation
 .bss._ZN5drive8turnTimeE
                0x03804e80        0xc build/src/drive.o
                0x03804e80                drive::turnTime
 .bss._ZStL8__ioinit
                0x03804e8c        0x1 build/src/roller.o
 *fill*         0x03804e8d        0x3 
 .bss._ZN6roller4leftE
                0x03804e90       0x28 build/src/roller.o
                0x03804e90                roller::left
 .bss._ZN6roller5rightE
                0x03804eb8       0x28 build/src/roller.o
                0x03804eb8                roller::right
 .bss.__dso_handle
                0x03804ee0        0x4 D:\VEX Robotics\VEXcode\sdk/vexv5\libv5rt.a(v5_startup.c.obj)
                0x03804ee0                __dso_handle
 .bss._ZStL8__ioinit
                0x03804ee4        0x1 D:\VEX Robotics\VEXcode\sdk/vexv5\libv5rt.a(vex_motor.cpp.obj)
 *fill*         0x03804ee5        0x3 
 .bss._ZN3vex4task8_labelIdE
                0x03804ee8        0x4 D:\VEX Robotics\VEXcode\sdk/vexv5\libv5rt.a(vex_task.cpp.obj)
                0x03804ee8                vex::task::_labelId
 .bss._ZStL8__ioinit
                0x03804eec        0x1 D:\VEX Robotics\VEXcode\sdk/vexv5\libv5rt.a(vex_triport.cpp.obj)
 *fill*         0x03804eed        0x3 
 .bss._ZN3vex5color6orangeE
                0x03804ef0        0x8 D:\VEX Robotics\VEXcode\sdk/vexv5\libv5rt.a(vex_color.cpp.obj)
                0x03804ef0                vex::color::orange
 .bss._ZN3vex5color5blackE
                0x03804ef8        0x8 D:\VEX Robotics\VEXcode\sdk/vexv5\libv5rt.a(vex_color.cpp.obj)
                0x03804ef8                vex::color::black
 .bss._ZN3vex5color6yellowE
                0x03804f00        0x8 D:\VEX Robotics\VEXcode\sdk/vexv5\libv5rt.a(vex_color.cpp.obj)
                0x03804f00                vex::color::yellow
 .bss._ZN3vex5color5greenE
                0x03804f08        0x8 D:\VEX Robotics\VEXcode\sdk/vexv5\libv5rt.a(vex_color.cpp.obj)
                0x03804f08                vex::color::green
 .bss._ZN3vex5color6purpleE
                0x03804f10        0x8 D:\VEX Robotics\VEXcode\sdk/vexv5\libv5rt.a(vex_color.cpp.obj)
                0x03804f10                vex::color::purple
 .bss._ZN3vex5color4cyanE
                0x03804f18        0x8 D:\VEX Robotics\VEXcode\sdk/vexv5\libv5rt.a(vex_color.cpp.obj)
                0x03804f18                vex::color::cyan
 .bss._ZN3vex5color4blueE
                0x03804f20        0x8 D:\VEX Robotics\VEXcode\sdk/vexv5\libv5rt.a(vex_color.cpp.obj)
                0x03804f20                vex::color::blue
 .bss._ZN3vex5color3redE
                0x03804f28        0x8 D:\VEX Robotics\VEXcode\sdk/vexv5\libv5rt.a(vex_color.cpp.obj)
                0x03804f28                vex::color::red
 .bss._ZN3vex5color11transparentE
                0x03804f30        0x8 D:\VEX Robotics\VEXcode\sdk/vexv5\libv5rt.a(vex_color.cpp.obj)
                0x03804f30                vex::color::transparent
 .bss._ZN3vex5color5whiteE
                0x03804f38        0x8 D:\VEX Robotics\VEXcode\sdk/vexv5\libv5rt.a(vex_color.cpp.obj)
                0x03804f38                vex::color::white
 *(.gnu.linkonce.b.*)
 *(COMMON)
 COMMON         0x03804f40       0x18 D:\VEX Robotics\VEXcode\sdk/vexv5\libv5rt.a(v5_startup.c.obj)
                0x03804f44                __vex_critical_section
                0x03804f58                __bss_end = .
                0x038047e8                _SDA_BASE_ = (__sdata_start + ((__sbss_end - __sdata_start) / 0x2))
                0x03804384                _SDA2_BASE_ = (__sdata2_start + ((__sbss2_end - __sdata2_start) / 0x2))

.heap           0x03804f58   0x100008
                0x03804f60                . = ALIGN (0x10)
 *fill*         0x03804f58        0x8 
                0x03804f60                _heap = .
                0x03804f60                HeapBase = .
                0x03804f60                _heap_start = .
                0x03904f60                . = (. + _HEAP_SIZE)
 *fill*         0x03804f60   0x100000 
                0x03904f60                _heap_end = .
                0x03904f60                HeapLimit = .

.stack          0x03904f60     0x3800
                0x03904f60                . = ALIGN (0x10)
                0x03904f60                _stack_end = .
                0x03906f60                . = (. + _STACK_SIZE)
 *fill*         0x03904f60     0x2000 
                0x03906f60                . = ALIGN (0x10)
                0x03906f60                _stack = .
                0x03906f60                __stack = _stack
                0x03906f60                . = ALIGN (0x10)
                0x03906f60                _irq_stack_end = .
                0x03907360                . = (. + _IRQ_STACK_SIZE)
 *fill*         0x03906f60      0x400 
                0x03907360                . = ALIGN (0x10)
                0x03907360                __irq_stack = .
                0x03907360                _supervisor_stack_end = .
                0x03907b60                . = (. + _SUPERVISOR_STACK_SIZE)
 *fill*         0x03907360      0x800 
                0x03907b60                . = ALIGN (0x10)
                0x03907b60                __supervisor_stack = .
                0x03907b60                _abort_stack_end = .
                0x03907f60                . = (. + _ABORT_STACK_SIZE)
 *fill*         0x03907b60      0x400 
                0x03907f60                . = ALIGN (0x10)
                0x03907f60                __abort_stack = .
                0x03907f60                _fiq_stack_end = .
                0x03908360                . = (. + _FIQ_STACK_SIZE)
 *fill*         0x03907f60      0x400 
                0x03908360                . = ALIGN (0x10)
                0x03908360                __fiq_stack = .
                0x03908360                _undef_stack_end = .
                0x03908760                . = (. + _UNDEF_STACK_SIZE)
 *fill*         0x03908360      0x400 
                0x03908760                . = ALIGN (0x10)
                0x03908760                __undef_stack = .
                0x03908760                _end = .
LOAD D:\VEX Robotics\VEXcode\sdk/vexv5/stdlib_0.lib
LOAD build/src/main.o
LOAD build/src/macro.o
LOAD build/src/auton.o
LOAD build/src/arm.o
LOAD build/src/drive.o
LOAD build/src/roller.o
START GROUP
LOAD D:\VEX Robotics\VEXcode\sdk/vexv5\libv5rt.a
LOAD D:\VEX Robotics\VEXcode\sdk/vexv5/gcc/libs\libstdc++.a
LOAD D:\VEX Robotics\VEXcode\sdk/vexv5/gcc/libs\libc.a
LOAD D:\VEX Robotics\VEXcode\sdk/vexv5/gcc/libs\libm.a
LOAD D:\VEX Robotics\VEXcode\sdk/vexv5/gcc/libs\libgcc.a
END GROUP
OUTPUT(build/VEXcode_10-14-19.elf elf32-littlearm)

.comment        0x00000000       0x9d
 .comment       0x00000000       0x2d build/src/main.o
                                 0x2e (size before relaxing)
 .comment       0x00000000       0x2e build/src/macro.o
 .comment       0x00000000       0x2e build/src/auton.o
 .comment       0x00000000       0x2e build/src/arm.o
 .comment       0x00000000       0x2e build/src/drive.o
 .comment       0x00000000       0x2e build/src/roller.o
 .comment       0x0000002d       0x70 D:\VEX Robotics\VEXcode\sdk/vexv5\libv5rt.a(v5_startup.c.obj)
                                 0x71 (size before relaxing)
 .comment       0x00000000       0x71 D:\VEX Robotics\VEXcode\sdk/vexv5\libv5rt.a(v5_util.c.obj)
 .comment       0x00000000       0x71 D:\VEX Robotics\VEXcode\sdk/vexv5\libv5rt.a(v5_apijump.c.obj)
 .comment       0x00000000       0x71 D:\VEX Robotics\VEXcode\sdk/vexv5\libv5rt.a(v5_apiversions.c.obj)
 .comment       0x00000000       0x71 D:\VEX Robotics\VEXcode\sdk/vexv5\libv5rt.a(vex_global.cpp.obj)
 .comment       0x00000000       0x71 D:\VEX Robotics\VEXcode\sdk/vexv5\libv5rt.a(vex_motor.cpp.obj)
 .comment       0x00000000       0x71 D:\VEX Robotics\VEXcode\sdk/vexv5\libv5rt.a(vex_controller.cpp.obj)
 .comment       0x00000000       0x71 D:\VEX Robotics\VEXcode\sdk/vexv5\libv5rt.a(vex_task.cpp.obj)
 .comment       0x00000000       0x71 D:\VEX Robotics\VEXcode\sdk/vexv5\libv5rt.a(vex_event.cpp.obj)
 .comment       0x00000000       0x71 D:\VEX Robotics\VEXcode\sdk/vexv5\libv5rt.a(vex_mevent.cpp.obj)
 .comment       0x00000000       0x71 D:\VEX Robotics\VEXcode\sdk/vexv5\libv5rt.a(vex_brain.cpp.obj)
 .comment       0x00000000       0x71 D:\VEX Robotics\VEXcode\sdk/vexv5\libv5rt.a(vex_triport.cpp.obj)
 .comment       0x00000000       0x71 D:\VEX Robotics\VEXcode\sdk/vexv5\libv5rt.a(vex_color.cpp.obj)
 .comment       0x00000000       0x71 D:\VEX Robotics\VEXcode\sdk/vexv5\libv5rt.a(vex_timer.cpp.obj)
 .comment       0x00000000       0x71 D:\VEX Robotics\VEXcode\sdk/vexv5\libv5rt.a(v5_apiuser.c.obj)
 .comment       0x00000000       0x71 D:\VEX Robotics\VEXcode\sdk/vexv5\libv5rt.a(vex_device.cpp.obj)

.note.GNU-stack
                0x00000000        0x0
 .note.GNU-stack
                0x00000000        0x0 build/src/main.o
 .note.GNU-stack
                0x00000000        0x0 build/src/macro.o
 .note.GNU-stack
                0x00000000        0x0 build/src/auton.o
 .note.GNU-stack
                0x00000000        0x0 build/src/arm.o
 .note.GNU-stack
                0x00000000        0x0 build/src/drive.o
 .note.GNU-stack
                0x00000000        0x0 build/src/roller.o

.debug_frame    0x00000000       0x60
 .debug_frame   0x00000000       0x34 D:\VEX Robotics\VEXcode\sdk/vexv5/gcc/libs\libc.a(lib_a-fini.o)
 .debug_frame   0x00000034       0x2c D:\VEX Robotics\VEXcode\sdk/vexv5/gcc/libs\libc.a(lib_a-init.o)
